// Jest Snapshot v1, https://goo.gl/fbAQLP

exports[`ROOMCARD COMPONENT snapchat correctly 1`] = `ShallowWrapper {}`;
